******************************************************************************
                  TI ARM Linker PC v20.2.1                     
******************************************************************************
>> Linked Sun Sep  6 16:02:13 2020

OUTPUT FILE NAME:   <288lab2.out>
ENTRY POINT SYMBOL: "_c_int00_noargs"  address: 00001bfd


MEMORY CONFIGURATION

         name            origin    length      used     unused   attr    fill
----------------------  --------  ---------  --------  --------  ----  --------
  FLASH                 00000000   00040000  00001d95  0003e26b  R  X
  SRAM                  20000000   00008000  00000eb9  00007147  RW X


SEGMENT ALLOCATION MAP

run origin  load origin   length   init length attrs members
----------  ----------- ---------- ----------- ----- -------
00000000    00000000    00001d98   00001d98    r-x
  00000000    00000000    0000026c   0000026c    r-- .intvecs
  0000026c    0000026c    00001aca   00001aca    r-x .text
  00001d36    00001d36    0000000f   0000000f    r-- .const
  00001d48    00001d48    00000050   00000050    r-- .cinit
20000000    20000000    00000ec0   00000000    rw-
  20000000    20000000    0000026c   00000000    rw- .vtable
  20000270    20000270    00000800   00000000    rw- .stack
  20000a70    20000a70    00000400   00000000    rw- .sysmem
  20000e70    20000e70    00000031   00000000    rw- .data
  20000ea4    20000ea4    0000001c   00000000    rw- .bss


SECTION ALLOCATION MAP

 output                                  attributes/
section   page    origin      length       input sections
--------  ----  ----------  ----------   ----------------
.intvecs   0    00000000    0000026c     
                  00000000    0000026c     tm4c123gh6pm_startup_ccs.obj (.intvecs)

.text      0    0000026c    00001aca     
                  0000026c    00000c20     open_interface.obj (.text)
                  00000e8c    00000248     Timer.obj (.text)
                  000010d4    000001b6     rtsv7M4_T_le_v4SPD16_eabi.lib : fd_add_t2.asm.obj (.text)
                  0000128a    00000136                                   : fd_div_t2.asm.obj (.text)
                  000013c0    00000108                                   : memory.c.obj (.text:aligned_alloc)
                  000014c8    000000fc                                   : fd_mul_t2.asm.obj (.text)
                  000015c4    000000e4                                   : memory.c.obj (.text:free)
                  000016a8    000000dc     movement.obj (.text)
                  00001784    0000009c     rtsv7M4_T_le_v4SPD16_eabi.lib : memcpy_t2.asm.obj (.text)
                  00001820    00000086                                   : fd_cmp_t2.asm.obj (.text:__aeabi_cdcmple)
                  000018a6    0000007a                                   : memset_t2.asm.obj (.text)
                  00001920    00000070                                   : memory.c.obj (.text:split)
                  00001990    0000006e                                   : fd_tos_t2.asm.obj (.text)
                  000019fe    00000068                                   : copy_decompress_lzss.c.obj (.text:decompress:lzss:__TI_decompress_lzss)
                  00001a66    00000002                                   : _lock.c.obj (.text:_nop)
                  00001a68    00000060     resetSimulation.obj (.text)
                  00001ac8    0000004c     main.obj (.text)
                  00001b14    00000044     rtsv7M4_T_le_v4SPD16_eabi.lib : autoinit.c.obj (.text:__TI_auto_init_nobinit_nopinit:__TI_auto_init_nobinit_nopinit)
                  00001b58    00000038                                   : memory.c.obj (.text:calloc)
                  00001b90    00000038                                   : fs_tod_t2.asm.obj (.text)
                  00001bc8    00000034     driverlib.lib : interrupt.obj (.text:IntRegister)
                  00001bfc    00000034     rtsv7M4_T_le_v4SPD16_eabi.lib : boot_cortex_m.c.obj (.text:_c_int00_noargs:_c_int00_noargs)
                  00001c30    0000002e                                   : i_tofd_t2.asm.obj (.text)
                  00001c5e    00000002     --HOLE-- [fill = 0]
                  00001c60    00000028                                   : memory.c.obj (.text:free_list_insert)
                  00001c88    0000001c                                   : copy_zero_init.c.obj (.text:decompress:ZI:__TI_zero_init_nomemset:__TI_zero_init_nomemset)
                  00001ca4    0000001c                                   : memory.c.obj (.text:free_list_remove)
                  00001cc0    00000018     open_interface.obj (.text:oi_parseInt)
                  00001cd8    00000018     rtsv7M4_T_le_v4SPD16_eabi.lib : strcmp.c.obj (.text:strcmp)
                  00001cf0    00000010     driverlib.lib : interrupt.obj (.text:IntMasterEnable)
                  00001d00    0000000e     rtsv7M4_T_le_v4SPD16_eabi.lib : copy_decompress_none.c.obj (.text:decompress:none:__TI_decompress_none)
                  00001d0e    0000000c     driverlib.lib : cpu.obj (.text:CPUcpsie)
                  00001d1a    0000000c     tm4c123gh6pm_startup_ccs.obj (.text)
                  00001d26    00000008     rtsv7M4_T_le_v4SPD16_eabi.lib : memory.c.obj (.text:malloc)
                  00001d2e    00000004                                   : pre_init.c.obj (.text:_system_pre_init)
                  00001d32    00000004                                   : exit.c.obj (.text:abort:abort)

.const     0    00001d36    0000000f     
                  00001d36    0000000f     open_interface.obj (.const:.string:$P$T0$3)

.cinit     0    00001d48    00000050     
                  00001d48    00000018     (.cinit..data.load) [load image, compression = lzss]
                  00001d60    0000000c     (__TI_handler_table)
                  00001d6c    00000004     --HOLE-- [fill = 0]
                  00001d70    00000008     (.cinit..bss.load) [load image, compression = zero_init]
                  00001d78    00000008     (.cinit..vtable.load) [load image, compression = zero_init]
                  00001d80    00000018     (__TI_cinit_table)

.init_array 
*          0    00000000    00000000     UNINITIALIZED

.vtable    0    20000000    0000026c     UNINITIALIZED
                  20000000    0000026c     driverlib.lib : interrupt.obj (.vtable)

.stack     0    20000270    00000800     UNINITIALIZED
                  20000270    00000004     rtsv7M4_T_le_v4SPD16_eabi.lib : boot_cortex_m.c.obj (.stack)
                  20000274    000007fc     --HOLE--

.sysmem    0    20000a70    00000400     UNINITIALIZED
                  20000a70    00000010     rtsv7M4_T_le_v4SPD16_eabi.lib : memory.c.obj (.sysmem)
                  20000a80    000003f0     --HOLE--

.data      0    20000e70    00000031     UNINITIALIZED
                  20000e70    00000020     open_interface.obj (.data)
                  20000e90    00000008     rtsv7M4_T_le_v4SPD16_eabi.lib : _lock.c.obj (.data:$O1$$)
                  20000e98    00000008                                   : memory.c.obj (.data:$O1$$)
                  20000ea0    00000001     Timer.obj (.data)

.bss       0    20000ea4    0000001c     UNINITIALIZED
                  20000ea4    00000018     open_interface.obj (.bss:firmware$2)
                  20000ebc    00000004     (.common:_timeout_ticks)

__llvm_prf_cnts 
*          0    20000000    00000000     UNINITIALIZED

MODULE SUMMARY

       Module                         code   ro data   rw data
       ------                         ----   -------   -------
    .\
       open_interface.obj             3128   15        56     
       tm4c123gh6pm_startup_ccs.obj   12     620       0      
       Timer.obj                      584    0         5      
       movement.obj                   220    0         0      
       resetSimulation.obj            96     0         0      
       main.obj                       76     0         0      
    +--+------------------------------+------+---------+---------+
       Total:                         4116   635       61     
                                                              
    C:/ti/TivaWare_C_Series-2.1.4.178/driverlib/ccs/Debug/driverlib.lib
       interrupt.obj                  68     0         620    
       cpu.obj                        12     0         0      
    +--+------------------------------+------+---------+---------+
       Total:                         80     0         620    
                                                              
    C:\ti\ccs1010\ccs\tools\compiler\ti-cgt-arm_20.2.1.LTS\lib\rtsv7M4_T_le_v4SPD16_eabi.lib
       memory.c.obj                   736    0         8      
       fd_add_t2.asm.obj              438    0         0      
       fd_div_t2.asm.obj              310    0         0      
       fd_mul_t2.asm.obj              252    0         0      
       memcpy_t2.asm.obj              156    0         0      
       fd_cmp_t2.asm.obj              134    0         0      
       memset_t2.asm.obj              122    0         0      
       fd_tos_t2.asm.obj              110    0         0      
       copy_decompress_lzss.c.obj     104    0         0      
       autoinit.c.obj                 68     0         0      
       fs_tod_t2.asm.obj              56     0         0      
       boot_cortex_m.c.obj            52     0         0      
       i_tofd_t2.asm.obj              46     0         0      
       copy_zero_init.c.obj           28     0         0      
       strcmp.c.obj                   24     0         0      
       copy_decompress_none.c.obj     14     0         0      
       _lock.c.obj                    2      0         8      
       exit.c.obj                     4      0         0      
       pre_init.c.obj                 4      0         0      
    +--+------------------------------+------+---------+---------+
       Total:                         2660   0         16     
                                                              
       Heap:                          0      0         1024   
       Stack:                         0      0         2048   
       Linker Generated:              0      76        0      
    +--+------------------------------+------+---------+---------+
       Grand Total:                   6856   711       3769   


LINKER GENERATED COPY TABLES

__TI_cinit_table @ 00001d80 records: 3, size/record: 8, table size: 24
	.data: load addr=00001d48, load size=00000018 bytes, run addr=20000e70, run size=00000031 bytes, compression=lzss
	.bss: load addr=00001d70, load size=00000008 bytes, run addr=20000ea4, run size=0000001c bytes, compression=zero_init
	.vtable: load addr=00001d78, load size=00000008 bytes, run addr=20000000, run size=0000026c bytes, compression=zero_init


LINKER GENERATED HANDLER TABLE

__TI_handler_table @ 00001d60 records: 3, size/record: 4, table size: 12
	index: 0, handler: __TI_zero_init
	index: 1, handler: __TI_decompress_lzss
	index: 2, handler: __TI_decompress_none


GLOBAL SYMBOLS: SORTED ALPHABETICALLY BY Name 

address   name                          
-------   ----                          
00001d33  C$$EXIT                       
00001d0f  CPUcpsie                      
00000bc3  GPIOF_Handler                 
00001cf1  IntMasterEnable               
00001bc9  IntRegister                   
000016a9  Move_Forward                  
00001d1b  ResetISR                      
20000a70  __STACK_END                   
00000800  __STACK_SIZE                  
20000470  __STACK_TOP                   
00000400  __SYSMEM_SIZE                 
00001d80  __TI_CINIT_Base               
00001d98  __TI_CINIT_Limit              
00001d60  __TI_Handler_Table_Base       
00001d6c  __TI_Handler_Table_Limit      
00001b15  __TI_auto_init_nobinit_nopinit
000019ff  __TI_decompress_lzss          
00001d01  __TI_decompress_none          
ffffffff  __TI_pprof_out_hndl           
ffffffff  __TI_prof_data_size           
ffffffff  __TI_prof_data_start          
00000000  __TI_static_base__            
00001c89  __TI_zero_init_nomemset       
00001821  __aeabi_cdcmpeq               
00001821  __aeabi_cdcmple               
00001991  __aeabi_d2f                   
000010df  __aeabi_dadd                  
0000128b  __aeabi_ddiv                  
000014c9  __aeabi_dmul                  
000010d5  __aeabi_dsub                  
00001b91  __aeabi_f2d                   
00001c31  __aeabi_i2d                   
000018a7  __aeabi_memclr                
000018a7  __aeabi_memclr4               
000018a7  __aeabi_memclr8               
00001785  __aeabi_memcpy                
00001785  __aeabi_memcpy4               
00001785  __aeabi_memcpy8               
000018a9  __aeabi_memset                
000018a9  __aeabi_memset4               
000018a9  __aeabi_memset8               
ffffffff  __binit__                     
ffffffff  __c_args__                    
UNDEFED   __mpu_init                    
20000270  __stack                       
20000000  __start___llvm_prf_cnts       
20000000  __stop___llvm_prf_cnts        
00001bfd  _c_int00_noargs               
20000e90  _lock                         
00001a67  _nop                          
20000ea0  _running                      
20000a70  _sys_memory                   
UNDEFED   _system_post_cinit            
00001d2f  _system_pre_init              
20000ebc  _timeout_ticks                
20000e94  _unlock                       
00001d33  abort                         
000013c1  aligned_alloc                 
ffffffff  binit                         
00001b59  calloc                        
000015c5  free                          
20000000  g_pfnRAMVectors               
00000000  g_pfnVectors                  
0000097f  go_charge                     
00001ac9  main                          
00001d27  malloc                        
000013c1  memalign                      
00001785  memcpy                        
000018af  memset                        
20000e70  motor_cal_factor_L            
20000e74  motor_cal_factor_R            
0000026d  oi_alloc                      
00000aa9  oi_checkFirmware              
000002c7  oi_close                      
00000279  oi_free                       
00000ded  oi_getMotorCalibrationLeft    
00000e01  oi_getMotorCalibrationRight   
000002b1  oi_init                       
00000289  oi_init_noupdate              
00000915  oi_loadSong                   
00001cc1  oi_parseInt                   
0000032b  oi_parsePacket                
0000096b  oi_play_song                  
0000084b  oi_setLeds                    
00000db1  oi_setMotorCalibration        
0000088f  oi_setWheels                  
00000b51  oi_shutoff_init               
0000098d  oi_uartInit                   
00000a31  oi_uartReceive                
00000a77  oi_uartSendBuff               
00000a15  oi_uartSendChar               
00000a59  oi_uartSendStr                
000002d9  oi_update                     
00001a69  resetSimulationBoard          
00001cd9  strcmp                        
00000fab  timer_getMicros               
00000f53  timer_getMillis               
00000e8d  timer_init                    
00000f2f  timer_pause                   
00000f41  timer_resume                  
00000f05  timer_stop                    
00001005  timer_waitMicros              
00001037  timer_waitMillis              
00001713  turn_clockwise                


GLOBAL SYMBOLS: SORTED BY Symbol Address 

address   name                          
-------   ----                          
00000000  __TI_static_base__            
00000000  g_pfnVectors                  
0000026d  oi_alloc                      
00000279  oi_free                       
00000289  oi_init_noupdate              
000002b1  oi_init                       
000002c7  oi_close                      
000002d9  oi_update                     
0000032b  oi_parsePacket                
00000400  __SYSMEM_SIZE                 
00000800  __STACK_SIZE                  
0000084b  oi_setLeds                    
0000088f  oi_setWheels                  
00000915  oi_loadSong                   
0000096b  oi_play_song                  
0000097f  go_charge                     
0000098d  oi_uartInit                   
00000a15  oi_uartSendChar               
00000a31  oi_uartReceive                
00000a59  oi_uartSendStr                
00000a77  oi_uartSendBuff               
00000aa9  oi_checkFirmware              
00000b51  oi_shutoff_init               
00000bc3  GPIOF_Handler                 
00000db1  oi_setMotorCalibration        
00000ded  oi_getMotorCalibrationLeft    
00000e01  oi_getMotorCalibrationRight   
00000e8d  timer_init                    
00000f05  timer_stop                    
00000f2f  timer_pause                   
00000f41  timer_resume                  
00000f53  timer_getMillis               
00000fab  timer_getMicros               
00001005  timer_waitMicros              
00001037  timer_waitMillis              
000010d5  __aeabi_dsub                  
000010df  __aeabi_dadd                  
0000128b  __aeabi_ddiv                  
000013c1  aligned_alloc                 
000013c1  memalign                      
000014c9  __aeabi_dmul                  
000015c5  free                          
000016a9  Move_Forward                  
00001713  turn_clockwise                
00001785  __aeabi_memcpy                
00001785  __aeabi_memcpy4               
00001785  __aeabi_memcpy8               
00001785  memcpy                        
00001821  __aeabi_cdcmpeq               
00001821  __aeabi_cdcmple               
000018a7  __aeabi_memclr                
000018a7  __aeabi_memclr4               
000018a7  __aeabi_memclr8               
000018a9  __aeabi_memset                
000018a9  __aeabi_memset4               
000018a9  __aeabi_memset8               
000018af  memset                        
00001991  __aeabi_d2f                   
000019ff  __TI_decompress_lzss          
00001a67  _nop                          
00001a69  resetSimulationBoard          
00001ac9  main                          
00001b15  __TI_auto_init_nobinit_nopinit
00001b59  calloc                        
00001b91  __aeabi_f2d                   
00001bc9  IntRegister                   
00001bfd  _c_int00_noargs               
00001c31  __aeabi_i2d                   
00001c89  __TI_zero_init_nomemset       
00001cc1  oi_parseInt                   
00001cd9  strcmp                        
00001cf1  IntMasterEnable               
00001d01  __TI_decompress_none          
00001d0f  CPUcpsie                      
00001d1b  ResetISR                      
00001d27  malloc                        
00001d2f  _system_pre_init              
00001d33  C$$EXIT                       
00001d33  abort                         
00001d60  __TI_Handler_Table_Base       
00001d6c  __TI_Handler_Table_Limit      
00001d80  __TI_CINIT_Base               
00001d98  __TI_CINIT_Limit              
20000000  __start___llvm_prf_cnts       
20000000  __stop___llvm_prf_cnts        
20000000  g_pfnRAMVectors               
20000270  __stack                       
20000470  __STACK_TOP                   
20000a70  __STACK_END                   
20000a70  _sys_memory                   
20000e70  motor_cal_factor_L            
20000e74  motor_cal_factor_R            
20000e90  _lock                         
20000e94  _unlock                       
20000ea0  _running                      
20000ebc  _timeout_ticks                
ffffffff  __TI_pprof_out_hndl           
ffffffff  __TI_prof_data_size           
ffffffff  __TI_prof_data_start          
ffffffff  __binit__                     
ffffffff  __c_args__                    
ffffffff  binit                         
UNDEFED   __mpu_init                    
UNDEFED   _system_post_cinit            

[104 symbols]
