******************************************************************************
                  TI ARM Linker PC v20.2.1                     
******************************************************************************
>> Linked Thu Oct 22 13:29:22 2020

OUTPUT FILE NAME:   <lab_9.out>
ENTRY POINT SYMBOL: "_c_int00_noargs"  address: 00002615


MEMORY CONFIGURATION

         name            origin    length      used     unused   attr    fill
----------------------  --------  ---------  --------  --------  ----  --------
  FLASH                 00000000   00040000  00002909  0003d6f7  R  X
  SRAM                  20000000   00008000  00000ad1  0000752f  RW X


SEGMENT ALLOCATION MAP

run origin  load origin   length   init length attrs members
----------  ----------- ---------- ----------- ----- -------
00000000    00000000    00002910   00002910    r-x
  00000000    00000000    0000026c   0000026c    r-- .intvecs
  0000026c    0000026c    00002554   00002554    r-x .text
  000027c0    000027c0    00000109   00000109    r-- .const
  000028d0    000028d0    00000040   00000040    r-- .cinit
20000000    20000000    00000ad5   00000000    rw-
  20000000    20000000    0000026c   00000000    rw- .vtable
  20000270    20000270    00000800   00000000    rw- .stack
  20000a70    20000a70    0000005c   00000000    rw- .bss
  20000acc    20000acc    00000009   00000000    rw- .data


SECTION ALLOCATION MAP

 output                                  attributes/
section   page    origin      length       input sections
--------  ----  ----------  ----------   ----------------
.intvecs   0    00000000    0000026c     
                  00000000    0000026c     tm4c123gh6pm_startup_ccs.obj (.intvecs)

.text      0    0000026c    00002554     
                  0000026c    00000a4e     rtsv7M4_T_le_v4SPD16_eabi.lib : _printfi.c.obj (.text:__TI_printfi)
                  00000cba    00000002                                   : div0.asm.obj (.text)
                  00000cbc    00000328     lcd.obj (.text)
                  00000fe4    00000270     rtsv7M4_T_le_v4SPD16_eabi.lib : _printfi.c.obj (.text:_pconv_a)
                  00001254    00000248     Timer.obj (.text)
                  0000149c    000001d0     rtsv7M4_T_le_v4SPD16_eabi.lib : _printfi.c.obj (.text:_pconv_g)
                  0000166c    000001b6                                   : fd_add_t2.asm.obj (.text)
                  00001822    00000002     --HOLE-- [fill = 0]
                  00001824    0000013c                                   : _printfi.c.obj (.text:_pconv_e)
                  00001960    00000136                                   : fd_div_t2.asm.obj (.text)
                  00001a96    00000002     --HOLE-- [fill = 0]
                  00001a98    00000124                                   : _printfi.c.obj (.text:fcvt)
                  00001bbc    00000120     servo.obj (.text)
                  00001cdc    00000110     rtsv7M4_T_le_v4SPD16_eabi.lib : s_scalbn.c.obj (.text:scalbn)
                  00001dec    000000fc                                   : fd_mul_t2.asm.obj (.text)
                  00001ee8    000000b1                                   : _printfi.c.obj (.text:_ltostr)
                  00001f99    00000001     --HOLE-- [fill = 0]
                  00001f9a    0000009c                                   : memcpy_t2.asm.obj (.text)
                  00002036    00000096                                   : ull_div_t2.asm.obj (.text)
                  000020cc    00000086                                   : fd_cmp_t2.asm.obj (.text:__aeabi_cdcmple)
                  00002152    00000086                                   : fd_cmp_t2.asm.obj (.text:__aeabi_cdrcmple)
                  000021d8    0000007a                                   : memset_t2.asm.obj (.text)
                  00002252    0000006e                                   : _printfi.c.obj (.text:_mcpy)
                  000022c0    00000068                                   : copy_decompress_lzss.c.obj (.text:decompress:lzss:__TI_decompress_lzss)
                  00002328    00000064                                   : s_frexp.c.obj (.text:frexp)
                  0000238c    00000056                                   : _printfi.c.obj (.text:_pconv_f)
                  000023e2    00000054                                   : _ltoa.c.obj (.text:__TI_ltoa)
                  00002436    00000052                                   : _printfi.c.obj (.text:_ecpy)
                  00002488    0000004c                                   : atoi.c.obj (.text:atoi)
                  000024d4    00000048                                   : fd_toi_t2.asm.obj (.text)
                  0000251c    00000044                                   : autoinit.c.obj (.text:__TI_auto_init_nobinit_nopinit:__TI_auto_init_nobinit_nopinit)
                  00002560    00000040                                   : vsnprintf.c.obj (.text:vsnprintf)
                  000025a0    0000003e                                   : _printfi.c.obj (.text:_fcpy)
                  000025de    00000002     --HOLE-- [fill = 0]
                  000025e0    00000034     driverlib.lib : interrupt.obj (.text:IntRegister)
                  00002614    00000034     rtsv7M4_T_le_v4SPD16_eabi.lib : boot_cortex_m.c.obj (.text:_c_int00_noargs:_c_int00_noargs)
                  00002648    00000030                                   : vsnprintf.c.obj (.text:_outs)
                  00002678    0000002e                                   : i_tofd_t2.asm.obj (.text)
                  000026a6    0000001c                                   : copy_zero_init.c.obj (.text:decompress:ZI:__TI_zero_init_nomemset:__TI_zero_init_nomemset)
                  000026c2    0000001c                                   : memccpy.c.obj (.text:memccpy)
                  000026de    0000001a                                   : s_copysign.c.obj (.text:copysign)
                  000026f8    00000018                                   : vsnprintf.c.obj (.text:_outc)
                  00002710    00000018                                   : strcmp.c.obj (.text:strcmp)
                  00002728    00000016                                   : strchr.c.obj (.text:strchr)
                  0000273e    00000014                                   : strcpy.c.obj (.text:strcpy)
                  00002752    00000014                                   : strlen.c.obj (.text:strlen)
                  00002766    00000012                                   : wcslen.c.obj (.text:wcslen)
                  00002778    00000010     lcd.obj (.text:lcd_clear)
                  00002788    0000000e     rtsv7M4_T_le_v4SPD16_eabi.lib : copy_decompress_none.c.obj (.text:decompress:none:__TI_decompress_none)
                  00002796    0000000e     main.obj (.text)
                  000027a4    0000000c     tm4c123gh6pm_startup_ccs.obj (.text)
                  000027b0    00000008     rtsv7M4_T_le_v4SPD16_eabi.lib : errno.c.obj (.text:__aeabi_errno_addr)
                  000027b8    00000004                                   : pre_init.c.obj (.text:_system_pre_init)
                  000027bc    00000004                                   : exit.c.obj (.text:abort:abort)

.const     0    000027c0    00000109     
                  000027c0    00000101     rtsv7M4_T_le_v4SPD16_eabi.lib : ctype.c.obj (.const:.string:_ctypes_)
                  000028c1    00000004     lcd.obj (.const:.string:lineAddress$1)
                  000028c5    00000004     lcd.obj (.const:.string:lineAddresses$2)

.cinit     0    000028d0    00000040     
                  000028d0    0000000c     (__TI_handler_table)
                  000028dc    0000000a     (.cinit..data.load) [load image, compression = lzss]
                  000028e6    00000002     --HOLE-- [fill = 0]
                  000028e8    00000008     (.cinit..bss.load) [load image, compression = zero_init]
                  000028f0    00000008     (.cinit..vtable.load) [load image, compression = zero_init]
                  000028f8    00000018     (__TI_cinit_table)

.init_array 
*          0    00000000    00000000     UNINITIALIZED

.vtable    0    20000000    0000026c     UNINITIALIZED
                  20000000    0000026c     driverlib.lib : interrupt.obj (.vtable)

.bss       0    20000a70    0000005c     UNINITIALIZED
                  20000a70    00000054     lcd.obj (.bss:lastbuffer$3)
                  20000ac4    00000004     (.common:RCC)
                  20000ac8    00000004     (.common:_timeout_ticks)

.data      0    20000acc    00000009     UNINITIALIZED
                  20000acc    00000004     rtsv7M4_T_le_v4SPD16_eabi.lib : errno.c.obj (.data)
                  20000ad0    00000004     servo.obj (.data)
                  20000ad4    00000001     Timer.obj (.data)

.stack     0    20000270    00000800     UNINITIALIZED
                  20000270    00000004     rtsv7M4_T_le_v4SPD16_eabi.lib : boot_cortex_m.c.obj (.stack)
                  20000274    000007fc     --HOLE--

__llvm_prf_cnts 
*          0    20000000    00000000     UNINITIALIZED

MODULE SUMMARY

       Module                         code   ro data   rw data
       ------                         ----   -------   -------
    .\
       lcd.obj                        824    8         84     
       tm4c123gh6pm_startup_ccs.obj   12     620       0      
       Timer.obj                      584    0         5      
       servo.obj                      288    0         8      
       main.obj                       14     0         0      
    +--+------------------------------+------+---------+---------+
       Total:                         1722   628       97     
                                                              
    C:/ti/TivaWare_C_Series-2.1.4.178/driverlib/ccs/Debug/driverlib.lib
       interrupt.obj                  52     0         620    
    +--+------------------------------+------+---------+---------+
       Total:                         52     0         620    
                                                              
    C:\ti\ccs1010\ccs\tools\compiler\ti-cgt-arm_20.2.1.LTS\lib\rtsv7M4_T_le_v4SPD16_eabi.lib
       _printfi.c.obj                 4851   0         0      
       fd_add_t2.asm.obj              438    0         0      
       fd_div_t2.asm.obj              310    0         0      
       s_scalbn.c.obj                 272    0         0      
       fd_cmp_t2.asm.obj              268    0         0      
       ctype.c.obj                    0      257       0      
       fd_mul_t2.asm.obj              252    0         0      
       memcpy_t2.asm.obj              156    0         0      
       ull_div_t2.asm.obj             150    0         0      
       vsnprintf.c.obj                136    0         0      
       memset_t2.asm.obj              122    0         0      
       copy_decompress_lzss.c.obj     104    0         0      
       s_frexp.c.obj                  100    0         0      
       _ltoa.c.obj                    84     0         0      
       atoi.c.obj                     76     0         0      
       fd_toi_t2.asm.obj              72     0         0      
       autoinit.c.obj                 68     0         0      
       boot_cortex_m.c.obj            52     0         0      
       i_tofd_t2.asm.obj              46     0         0      
       copy_zero_init.c.obj           28     0         0      
       memccpy.c.obj                  28     0         0      
       s_copysign.c.obj               26     0         0      
       strcmp.c.obj                   24     0         0      
       strchr.c.obj                   22     0         0      
       strcpy.c.obj                   20     0         0      
       strlen.c.obj                   20     0         0      
       wcslen.c.obj                   18     0         0      
       copy_decompress_none.c.obj     14     0         0      
       errno.c.obj                    8      0         4      
       exit.c.obj                     4      0         0      
       pre_init.c.obj                 4      0         0      
       div0.asm.obj                   2      0         0      
    +--+------------------------------+------+---------+---------+
       Total:                         7775   257       4      
                                                              
       Stack:                         0      0         2048   
       Linker Generated:              0      62        0      
    +--+------------------------------+------+---------+---------+
       Grand Total:                   9549   947       2769   


LINKER GENERATED COPY TABLES

__TI_cinit_table @ 000028f8 records: 3, size/record: 8, table size: 24
	.data: load addr=000028dc, load size=0000000a bytes, run addr=20000acc, run size=00000009 bytes, compression=lzss
	.bss: load addr=000028e8, load size=00000008 bytes, run addr=20000a70, run size=0000005c bytes, compression=zero_init
	.vtable: load addr=000028f0, load size=00000008 bytes, run addr=20000000, run size=0000026c bytes, compression=zero_init


LINKER GENERATED HANDLER TABLE

__TI_handler_table @ 000028d0 records: 3, size/record: 4, table size: 12
	index: 0, handler: __TI_zero_init
	index: 1, handler: __TI_decompress_lzss
	index: 2, handler: __TI_decompress_none


GLOBAL SYMBOLS: SORTED ALPHABETICALLY BY Name 

address   name                          
-------   ----                          
000027bd  C$$EXIT                       
000025e1  IntRegister                   
20000ac4  RCC                           
000027a5  ResetISR                      
20000a70  __STACK_END                   
00000800  __STACK_SIZE                  
20000470  __STACK_TOP                   
000028f8  __TI_CINIT_Base               
00002910  __TI_CINIT_Limit              
000028d0  __TI_Handler_Table_Base       
000028dc  __TI_Handler_Table_Limit      
0000251d  __TI_auto_init_nobinit_nopinit
000022c1  __TI_decompress_lzss          
00002789  __TI_decompress_none          
000023e3  __TI_ltoa                     
ffffffff  __TI_pprof_out_hndl           
0000026d  __TI_printfi                  
ffffffff  __TI_prof_data_size           
ffffffff  __TI_prof_data_start          
00000000  __TI_static_base__            
000026a7  __TI_zero_init_nomemset       
000020cd  __aeabi_cdcmpeq               
000020cd  __aeabi_cdcmple               
00002153  __aeabi_cdrcmple              
000024d5  __aeabi_d2iz                  
00001677  __aeabi_dadd                  
00001961  __aeabi_ddiv                  
00001ded  __aeabi_dmul                  
0000166d  __aeabi_dsub                  
000027b1  __aeabi_errno_addr            
00002679  __aeabi_i2d                   
00000cbb  __aeabi_idiv0                 
00000cbb  __aeabi_ldiv0                 
000021d9  __aeabi_memclr                
000021d9  __aeabi_memclr4               
000021d9  __aeabi_memclr8               
00001f9b  __aeabi_memcpy                
00001f9b  __aeabi_memcpy4               
00001f9b  __aeabi_memcpy8               
000021db  __aeabi_memset                
000021db  __aeabi_memset4               
000021db  __aeabi_memset8               
00002037  __aeabi_uldivmod              
ffffffff  __binit__                     
ffffffff  __c_args__                    
UNDEFED   __mpu_init                    
20000270  __stack                       
20000000  __start___llvm_prf_cnts       
20000000  __stop___llvm_prf_cnts        
00002615  _c_int00_noargs               
000027c0  _ctypes_                      
20000ad4  _running                      
UNDEFED   _system_post_cinit            
000027b9  _system_pre_init              
20000ac8  _timeout_ticks                
000027bd  abort                         
00002489  atoi                          
ffffffff  binit                         
000026df  copysign                      
000026df  copysignl                     
20000acc  errno                         
00002329  frexp                         
00002329  frexpl                        
20000000  g_pfnRAMVectors               
00000000  g_pfnVectors                  
20000ad0  high                          
00002779  lcd_clear                     
00000e91  lcd_gotoLine                  
00000cf9  lcd_init                      
00000ef7  lcd_printf                    
00000db9  lcd_putc                      
00000df1  lcd_puts                      
00000cbd  lcd_reverseNibble             
00000e0f  lcd_sendCommand               
00000e4d  lcd_sendNibble                
00000eb9  lcd_setCursorPos              
00001cdd  ldexp                         
00001cdd  ldexpl                        
00002797  main                          
000026c3  memccpy                       
00001f9b  memcpy                        
000021e1  memset                        
00001cdd  scalbn                        
00001cdd  scalbnl                       
00001bbd  servo_init                    
00001c1d  servo_move                    
00002729  strchr                        
00002711  strcmp                        
0000273f  strcpy                        
00002753  strlen                        
00001373  timer_getMicros               
0000131b  timer_getMillis               
00001255  timer_init                    
000012f7  timer_pause                   
00001309  timer_resume                  
000012cd  timer_stop                    
000013cd  timer_waitMicros              
000013ff  timer_waitMillis              
00002561  vsnprintf                     
00002767  wcslen                        


GLOBAL SYMBOLS: SORTED BY Symbol Address 

address   name                          
-------   ----                          
00000000  __TI_static_base__            
00000000  g_pfnVectors                  
0000026d  __TI_printfi                  
00000800  __STACK_SIZE                  
00000cbb  __aeabi_idiv0                 
00000cbb  __aeabi_ldiv0                 
00000cbd  lcd_reverseNibble             
00000cf9  lcd_init                      
00000db9  lcd_putc                      
00000df1  lcd_puts                      
00000e0f  lcd_sendCommand               
00000e4d  lcd_sendNibble                
00000e91  lcd_gotoLine                  
00000eb9  lcd_setCursorPos              
00000ef7  lcd_printf                    
00001255  timer_init                    
000012cd  timer_stop                    
000012f7  timer_pause                   
00001309  timer_resume                  
0000131b  timer_getMillis               
00001373  timer_getMicros               
000013cd  timer_waitMicros              
000013ff  timer_waitMillis              
0000166d  __aeabi_dsub                  
00001677  __aeabi_dadd                  
00001961  __aeabi_ddiv                  
00001bbd  servo_init                    
00001c1d  servo_move                    
00001cdd  ldexp                         
00001cdd  ldexpl                        
00001cdd  scalbn                        
00001cdd  scalbnl                       
00001ded  __aeabi_dmul                  
00001f9b  __aeabi_memcpy                
00001f9b  __aeabi_memcpy4               
00001f9b  __aeabi_memcpy8               
00001f9b  memcpy                        
00002037  __aeabi_uldivmod              
000020cd  __aeabi_cdcmpeq               
000020cd  __aeabi_cdcmple               
00002153  __aeabi_cdrcmple              
000021d9  __aeabi_memclr                
000021d9  __aeabi_memclr4               
000021d9  __aeabi_memclr8               
000021db  __aeabi_memset                
000021db  __aeabi_memset4               
000021db  __aeabi_memset8               
000021e1  memset                        
000022c1  __TI_decompress_lzss          
00002329  frexp                         
00002329  frexpl                        
000023e3  __TI_ltoa                     
00002489  atoi                          
000024d5  __aeabi_d2iz                  
0000251d  __TI_auto_init_nobinit_nopinit
00002561  vsnprintf                     
000025e1  IntRegister                   
00002615  _c_int00_noargs               
00002679  __aeabi_i2d                   
000026a7  __TI_zero_init_nomemset       
000026c3  memccpy                       
000026df  copysign                      
000026df  copysignl                     
00002711  strcmp                        
00002729  strchr                        
0000273f  strcpy                        
00002753  strlen                        
00002767  wcslen                        
00002779  lcd_clear                     
00002789  __TI_decompress_none          
00002797  main                          
000027a5  ResetISR                      
000027b1  __aeabi_errno_addr            
000027b9  _system_pre_init              
000027bd  C$$EXIT                       
000027bd  abort                         
000027c0  _ctypes_                      
000028d0  __TI_Handler_Table_Base       
000028dc  __TI_Handler_Table_Limit      
000028f8  __TI_CINIT_Base               
00002910  __TI_CINIT_Limit              
20000000  __start___llvm_prf_cnts       
20000000  __stop___llvm_prf_cnts        
20000000  g_pfnRAMVectors               
20000270  __stack                       
20000470  __STACK_TOP                   
20000a70  __STACK_END                   
20000ac4  RCC                           
20000ac8  _timeout_ticks                
20000acc  errno                         
20000ad0  high                          
20000ad4  _running                      
ffffffff  __TI_pprof_out_hndl           
ffffffff  __TI_prof_data_size           
ffffffff  __TI_prof_data_start          
ffffffff  __binit__                     
ffffffff  __c_args__                    
ffffffff  binit                         
UNDEFED   __mpu_init                    
UNDEFED   _system_post_cinit            

[100 symbols]
