******************************************************************************
                  TI ARM Linker PC v20.2.1                     
******************************************************************************
>> Linked Wed Sep 16 14:25:01 2020

OUTPUT FILE NAME:   <lab3.out>
ENTRY POINT SYMBOL: "_c_int00_noargs"  address: 000039ad


MEMORY CONFIGURATION

         name            origin    length      used     unused   attr    fill
----------------------  --------  ---------  --------  --------  ----  --------
  FLASH                 00000000   00040000  00003d34  0003c2cc  R  X
  SRAM                  20000000   00008000  00000f49  000070b7  RW X


SEGMENT ALLOCATION MAP

run origin  load origin   length   init length attrs members
----------  ----------- ---------- ----------- ----- -------
00000000    00000000    00003d38   00003d38    r-x
  00000000    00000000    0000026c   0000026c    r-- .intvecs
  0000026c    0000026c    00003960   00003960    r-x .text
  00003bcc    00003bcc    00000118   00000118    r-- .const
  00003ce8    00003ce8    00000050   00000050    r-- .cinit
20000000    20000000    00000f4d   00000000    rw-
  20000000    20000000    0000026c   00000000    rw- .vtable
  20000270    20000270    00000800   00000000    rw- .stack
  20000a70    20000a70    00000400   00000000    rw- .sysmem
  20000e70    20000e70    000000a4   00000000    rw- .bss
  20000f14    20000f14    00000039   00000000    rw- .data


SECTION ALLOCATION MAP

 output                                  attributes/
section   page    origin      length       input sections
--------  ----  ----------  ----------   ----------------
.intvecs   0    00000000    0000026c     
                  00000000    0000026c     tm4c123gh6pm_startup_ccs.obj (.intvecs)

.text      0    0000026c    00003960     
                  0000026c    00000c20     open_interface.obj (.text)
                  00000e8c    00000a4e     rtsv7M4_T_le_v4SPD16_eabi.lib : _printfi.c.obj (.text:__TI_printfi)
                  000018da    00000002                                   : _lock.c.obj (.text:_nop)
                  000018dc    0000033c     movement.obj (.text)
                  00001c18    00000328     lcd.obj (.text)
                  00001f40    00000270     rtsv7M4_T_le_v4SPD16_eabi.lib : _printfi.c.obj (.text:_pconv_a)
                  000021b0    00000248     Timer.obj (.text)
                  000023f8    000001d0     rtsv7M4_T_le_v4SPD16_eabi.lib : _printfi.c.obj (.text:_pconv_g)
                  000025c8    000001b6                                   : fd_add_t2.asm.obj (.text)
                  0000277e    00000002                                   : div0.asm.obj (.text)
                  00002780    0000015c     libcybotUART.lib : uart.obj (.text)
                  000028dc    0000013c     rtsv7M4_T_le_v4SPD16_eabi.lib : _printfi.c.obj (.text:_pconv_e)
                  00002a18    00000136                                   : fd_div_t2.asm.obj (.text)
                  00002b4e    00000002     --HOLE-- [fill = 0]
                  00002b50    00000124                                   : _printfi.c.obj (.text:fcvt)
                  00002c74    00000110                                   : s_scalbn.c.obj (.text:scalbn)
                  00002d84    00000108                                   : memory.c.obj (.text:aligned_alloc)
                  00002e8c    000000fc                                   : fd_mul_t2.asm.obj (.text)
                  00002f88    000000e4                                   : memory.c.obj (.text:free)
                  0000306c    000000c4     lab3_template.obj (.text)
                  00003130    000000b1     rtsv7M4_T_le_v4SPD16_eabi.lib : _printfi.c.obj (.text:_ltostr)
                  000031e1    00000001     --HOLE-- [fill = 0]
                  000031e2    0000009c                                   : memcpy_t2.asm.obj (.text)
                  0000327e    00000096                                   : ull_div_t2.asm.obj (.text)
                  00003314    00000086                                   : fd_cmp_t2.asm.obj (.text:__aeabi_cdcmple)
                  0000339a    00000086                                   : fd_cmp_t2.asm.obj (.text:__aeabi_cdrcmple)
                  00003420    0000007a                                   : memset_t2.asm.obj (.text)
                  0000349a    00000002     --HOLE-- [fill = 0]
                  0000349c    00000070                                   : memory.c.obj (.text:split)
                  0000350c    0000006e                                   : _printfi.c.obj (.text:_mcpy)
                  0000357a    0000006e                                   : fd_tos_t2.asm.obj (.text)
                  000035e8    00000068                                   : copy_decompress_lzss.c.obj (.text:decompress:lzss:__TI_decompress_lzss)
                  00003650    00000064                                   : s_frexp.c.obj (.text:frexp)
                  000036b4    00000056                                   : _printfi.c.obj (.text:_pconv_f)
                  0000370a    00000054                                   : _ltoa.c.obj (.text:__TI_ltoa)
                  0000375e    00000052                                   : _printfi.c.obj (.text:_ecpy)
                  000037b0    0000004c                                   : atoi.c.obj (.text:atoi)
                  000037fc    00000048                                   : fd_toi_t2.asm.obj (.text)
                  00003844    00000044                                   : autoinit.c.obj (.text:__TI_auto_init_nobinit_nopinit:__TI_auto_init_nobinit_nopinit)
                  00003888    00000040                                   : vsnprintf.c.obj (.text:vsnprintf)
                  000038c8    0000003e                                   : _printfi.c.obj (.text:_fcpy)
                  00003906    00000002     --HOLE-- [fill = 0]
                  00003908    00000038                                   : memory.c.obj (.text:calloc)
                  00003940    00000038                                   : fs_tod_t2.asm.obj (.text)
                  00003978    00000034     driverlib.lib : interrupt.obj (.text:IntRegister)
                  000039ac    00000034     rtsv7M4_T_le_v4SPD16_eabi.lib : boot_cortex_m.c.obj (.text:_c_int00_noargs:_c_int00_noargs)
                  000039e0    00000030                                   : vsnprintf.c.obj (.text:_outs)
                  00003a10    0000002e                                   : i_tofd_t2.asm.obj (.text)
                  00003a3e    00000002     --HOLE-- [fill = 0]
                  00003a40    00000028                                   : memory.c.obj (.text:free_list_insert)
                  00003a68    0000001c                                   : copy_zero_init.c.obj (.text:decompress:ZI:__TI_zero_init_nomemset:__TI_zero_init_nomemset)
                  00003a84    0000001c                                   : memory.c.obj (.text:free_list_remove)
                  00003aa0    0000001c                                   : memccpy.c.obj (.text:memccpy)
                  00003abc    0000001a                                   : s_copysign.c.obj (.text:copysign)
                  00003ad6    00000018                                   : vsnprintf.c.obj (.text:_outc)
                  00003aee    00000018     open_interface.obj (.text:oi_parseInt)
                  00003b06    00000018     rtsv7M4_T_le_v4SPD16_eabi.lib : strcmp.c.obj (.text:strcmp)
                  00003b1e    00000016                                   : strchr.c.obj (.text:strchr)
                  00003b34    00000014                                   : strcpy.c.obj (.text:strcpy)
                  00003b48    00000014                                   : strlen.c.obj (.text:strlen)
                  00003b5c    00000012                                   : wcslen.c.obj (.text:wcslen)
                  00003b6e    00000010     driverlib.lib : interrupt.obj (.text:IntMasterEnable)
                  00003b7e    00000010     lcd.obj (.text:lcd_clear)
                  00003b8e    0000000e     rtsv7M4_T_le_v4SPD16_eabi.lib : copy_decompress_none.c.obj (.text:decompress:none:__TI_decompress_none)
                  00003b9c    0000000c     driverlib.lib : cpu.obj (.text:CPUcpsie)
                  00003ba8    0000000c     tm4c123gh6pm_startup_ccs.obj (.text)
                  00003bb4    00000008     rtsv7M4_T_le_v4SPD16_eabi.lib : errno.c.obj (.text:__aeabi_errno_addr)
                  00003bbc    00000008                                   : memory.c.obj (.text:malloc)
                  00003bc4    00000004                                   : pre_init.c.obj (.text:_system_pre_init)
                  00003bc8    00000004                                   : exit.c.obj (.text:abort:abort)

.const     0    00003bcc    00000118     
                  00003bcc    00000101     rtsv7M4_T_le_v4SPD16_eabi.lib : ctype.c.obj (.const:.string:_ctypes_)
                  00003ccd    0000000f     open_interface.obj (.const:.string:$P$T0$3)
                  00003cdc    00000004     lcd.obj (.const:.string:lineAddress$1)
                  00003ce0    00000004     lcd.obj (.const:.string:lineAddresses$2)

.cinit     0    00003ce8    00000050     
                  00003ce8    00000018     (.cinit..data.load) [load image, compression = lzss]
                  00003d00    0000000c     (__TI_handler_table)
                  00003d0c    00000004     --HOLE-- [fill = 0]
                  00003d10    00000008     (.cinit..bss.load) [load image, compression = zero_init]
                  00003d18    00000008     (.cinit..vtable.load) [load image, compression = zero_init]
                  00003d20    00000018     (__TI_cinit_table)

.init_array 
*          0    00000000    00000000     UNINITIALIZED

.vtable    0    20000000    0000026c     UNINITIALIZED
                  20000000    0000026c     driverlib.lib : interrupt.obj (.vtable)

.stack     0    20000270    00000800     UNINITIALIZED
                  20000270    00000004     rtsv7M4_T_le_v4SPD16_eabi.lib : boot_cortex_m.c.obj (.stack)
                  20000274    000007fc     --HOLE--

.sysmem    0    20000a70    00000400     UNINITIALIZED
                  20000a70    00000010     rtsv7M4_T_le_v4SPD16_eabi.lib : memory.c.obj (.sysmem)
                  20000a80    000003f0     --HOLE--

.bss       0    20000e70    000000a4     UNINITIALIZED
                  20000e70    00000054     lcd.obj (.bss:lastbuffer$3)
                  20000ec4    00000034     (.common:isr_char_buffer)
                  20000ef8    00000018     open_interface.obj (.bss:firmware$2)
                  20000f10    00000004     (.common:_timeout_ticks)

.data      0    20000f14    00000039     UNINITIALIZED
                  20000f14    00000020     open_interface.obj (.data)
                  20000f34    00000008     rtsv7M4_T_le_v4SPD16_eabi.lib : _lock.c.obj (.data:$O1$$)
                  20000f3c    00000008                                   : memory.c.obj (.data:$O1$$)
                  20000f44    00000004     libcybotUART.lib : uart.obj (.data)
                  20000f48    00000004     rtsv7M4_T_le_v4SPD16_eabi.lib : errno.c.obj (.data)
                  20000f4c    00000001     Timer.obj (.data)

__llvm_prf_cnts 
*          0    20000000    00000000     UNINITIALIZED

MODULE SUMMARY

       Module                         code    ro data   rw data
       ------                         ----    -------   -------
    .\
       open_interface.obj             3128    15        56     
       lcd.obj                        824     8         84     
       movement.obj                   828     0         0      
       tm4c123gh6pm_startup_ccs.obj   12      620       0      
       Timer.obj                      584     0         5      
       lab3_template.obj              196     0         0      
    +--+------------------------------+-------+---------+---------+
       Total:                         5572    643       145    
                                                               
    ../libcybotUART.lib
       uart.obj                       348     0         56     
    +--+------------------------------+-------+---------+---------+
       Total:                         348     0         56     
                                                               
    C:/ti/TivaWare_C_Series-2.1.4.178/driverlib/ccs/Debug/driverlib.lib
       interrupt.obj                  68      0         620    
       cpu.obj                        12      0         0      
    +--+------------------------------+-------+---------+---------+
       Total:                         80      0         620    
                                                               
    C:\ti\ccs1010\ccs\tools\compiler\ti-cgt-arm_20.2.1.LTS\lib\rtsv7M4_T_le_v4SPD16_eabi.lib
       _printfi.c.obj                 4851    0         0      
       memory.c.obj                   736     0         8      
       fd_add_t2.asm.obj              438     0         0      
       fd_div_t2.asm.obj              310     0         0      
       s_scalbn.c.obj                 272     0         0      
       fd_cmp_t2.asm.obj              268     0         0      
       ctype.c.obj                    0       257       0      
       fd_mul_t2.asm.obj              252     0         0      
       memcpy_t2.asm.obj              156     0         0      
       ull_div_t2.asm.obj             150     0         0      
       vsnprintf.c.obj                136     0         0      
       memset_t2.asm.obj              122     0         0      
       fd_tos_t2.asm.obj              110     0         0      
       copy_decompress_lzss.c.obj     104     0         0      
       s_frexp.c.obj                  100     0         0      
       _ltoa.c.obj                    84      0         0      
       atoi.c.obj                     76      0         0      
       fd_toi_t2.asm.obj              72      0         0      
       autoinit.c.obj                 68      0         0      
       fs_tod_t2.asm.obj              56      0         0      
       boot_cortex_m.c.obj            52      0         0      
       i_tofd_t2.asm.obj              46      0         0      
       copy_zero_init.c.obj           28      0         0      
       memccpy.c.obj                  28      0         0      
       s_copysign.c.obj               26      0         0      
       strcmp.c.obj                   24      0         0      
       strchr.c.obj                   22      0         0      
       strcpy.c.obj                   20      0         0      
       strlen.c.obj                   20      0         0      
       wcslen.c.obj                   18      0         0      
       copy_decompress_none.c.obj     14      0         0      
       errno.c.obj                    8       0         4      
       _lock.c.obj                    2       0         8      
       exit.c.obj                     4       0         0      
       pre_init.c.obj                 4       0         0      
       div0.asm.obj                   2       0         0      
    +--+------------------------------+-------+---------+---------+
       Total:                         8679    257       20     
                                                               
       Heap:                          0       0         1024   
       Stack:                         0       0         2048   
       Linker Generated:              0       76        0      
    +--+------------------------------+-------+---------+---------+
       Grand Total:                   14679   976       3913   


LINKER GENERATED COPY TABLES

__TI_cinit_table @ 00003d20 records: 3, size/record: 8, table size: 24
	.data: load addr=00003ce8, load size=00000018 bytes, run addr=20000f14, run size=00000039 bytes, compression=lzss
	.bss: load addr=00003d10, load size=00000008 bytes, run addr=20000e70, run size=000000a4 bytes, compression=zero_init
	.vtable: load addr=00003d18, load size=00000008 bytes, run addr=20000000, run size=0000026c bytes, compression=zero_init


LINKER GENERATED HANDLER TABLE

__TI_handler_table @ 00003d00 records: 3, size/record: 4, table size: 12
	index: 0, handler: __TI_zero_init
	index: 1, handler: __TI_decompress_lzss
	index: 2, handler: __TI_decompress_none


GLOBAL SYMBOLS: SORTED ALPHABETICALLY BY Name 

address   name                          
-------   ----                          
00003bc9  C$$EXIT                       
00003b9d  CPUcpsie                      
00000bc3  GPIOF_Handler                 
00003b6f  IntMasterEnable               
00003979  IntRegister                   
00001b49  Move_Backward                 
000018dd  Move_Forward                  
00003ba9  ResetISR                      
20000a70  __STACK_END                   
00000800  __STACK_SIZE                  
20000470  __STACK_TOP                   
00000400  __SYSMEM_SIZE                 
00003d20  __TI_CINIT_Base               
00003d38  __TI_CINIT_Limit              
00003d00  __TI_Handler_Table_Base       
00003d0c  __TI_Handler_Table_Limit      
00003845  __TI_auto_init_nobinit_nopinit
000035e9  __TI_decompress_lzss          
00003b8f  __TI_decompress_none          
0000370b  __TI_ltoa                     
ffffffff  __TI_pprof_out_hndl           
00000e8d  __TI_printfi                  
ffffffff  __TI_prof_data_size           
ffffffff  __TI_prof_data_start          
00000000  __TI_static_base__            
00003a69  __TI_zero_init_nomemset       
00003315  __aeabi_cdcmpeq               
00003315  __aeabi_cdcmple               
0000339b  __aeabi_cdrcmple              
0000357b  __aeabi_d2f                   
000037fd  __aeabi_d2iz                  
000025d3  __aeabi_dadd                  
00002a19  __aeabi_ddiv                  
00002e8d  __aeabi_dmul                  
000025c9  __aeabi_dsub                  
00003bb5  __aeabi_errno_addr            
00003941  __aeabi_f2d                   
00003a11  __aeabi_i2d                   
0000277f  __aeabi_idiv0                 
0000277f  __aeabi_ldiv0                 
00003421  __aeabi_memclr                
00003421  __aeabi_memclr4               
00003421  __aeabi_memclr8               
000031e3  __aeabi_memcpy                
000031e3  __aeabi_memcpy4               
000031e3  __aeabi_memcpy8               
00003423  __aeabi_memset                
00003423  __aeabi_memset4               
00003423  __aeabi_memset8               
0000327f  __aeabi_uldivmod              
ffffffff  __binit__                     
ffffffff  __c_args__                    
UNDEFED   __mpu_init                    
20000270  __stack                       
20000000  __start___llvm_prf_cnts       
20000000  __stop___llvm_prf_cnts        
000039ad  _c_int00_noargs               
00003bcc  _ctypes_                      
20000f34  _lock                         
000018db  _nop                          
20000f4c  _running                      
20000a70  _sys_memory                   
UNDEFED   _system_post_cinit            
00003bc5  _system_pre_init              
20000f10  _timeout_ticks                
20000f38  _unlock                       
00003bc9  abort                         
00002d85  aligned_alloc                 
000037b1  atoi                          
ffffffff  binit                         
00003909  calloc                        
00003abd  copysign                      
00003abd  copysignl                     
00002889  cyBot_UART1_Handler           
0000286f  cyBot_getByte                 
00002781  cyBot_sendByte                
00002851  cyBot_uart_flush              
000027bf  cyBot_uart_init               
000027a7  cyBot_uart_sendBuffer         
0000278d  cyBot_uart_sendStr            
20000f48  errno                         
00002f89  free                          
00003651  frexp                         
00003651  frexpl                        
20000000  g_pfnRAMVectors               
00000000  g_pfnVectors                  
0000097f  go_charge                     
20000ec4  isr_char_buffer               
20000f44  isr_counter                   
00003b7f  lcd_clear                     
00001ded  lcd_gotoLine                  
00001c55  lcd_init                      
00001e53  lcd_printf                    
00001d15  lcd_putc                      
00001d4d  lcd_puts                      
00001c19  lcd_reverseNibble             
00001d6b  lcd_sendCommand               
00001da9  lcd_sendNibble                
00001e15  lcd_setCursorPos              
00002c75  ldexp                         
00002c75  ldexpl                        
0000306d  main                          
00003bbd  malloc                        
00002d85  memalign                      
00003aa1  memccpy                       
000031e3  memcpy                        
00003429  memset                        
20000f14  motor_cal_factor_L            
20000f18  motor_cal_factor_R            
00001a6b  move_back                     
0000026d  oi_alloc                      
00000aa9  oi_checkFirmware              
000002c7  oi_close                      
00000279  oi_free                       
00000ded  oi_getMotorCalibrationLeft    
00000e01  oi_getMotorCalibrationRight   
000002b1  oi_init                       
00000289  oi_init_noupdate              
00000915  oi_loadSong                   
00003aef  oi_parseInt                   
0000032b  oi_parsePacket                
0000096b  oi_play_song                  
0000084b  oi_setLeds                    
00000db1  oi_setMotorCalibration        
0000088f  oi_setWheels                  
00000b51  oi_shutoff_init               
0000098d  oi_uartInit                   
00000a31  oi_uartReceive                
00000a77  oi_uartSendBuff               
00000a15  oi_uartSendChar               
00000a59  oi_uartSendStr                
000002d9  oi_update                     
00002c75  scalbn                        
00002c75  scalbnl                       
00003b1f  strchr                        
00003b07  strcmp                        
00003b35  strcpy                        
00003b49  strlen                        
000022cf  timer_getMicros               
00002277  timer_getMillis               
000021b1  timer_init                    
00002253  timer_pause                   
00002265  timer_resume                  
00002229  timer_stop                    
00002329  timer_waitMicros              
0000235b  timer_waitMillis              
00001a03  turn_cclockwise               
0000199b  turn_clockwise                
00003889  vsnprintf                     
00003b5d  wcslen                        


GLOBAL SYMBOLS: SORTED BY Symbol Address 

address   name                          
-------   ----                          
00000000  __TI_static_base__            
00000000  g_pfnVectors                  
0000026d  oi_alloc                      
00000279  oi_free                       
00000289  oi_init_noupdate              
000002b1  oi_init                       
000002c7  oi_close                      
000002d9  oi_update                     
0000032b  oi_parsePacket                
00000400  __SYSMEM_SIZE                 
00000800  __STACK_SIZE                  
0000084b  oi_setLeds                    
0000088f  oi_setWheels                  
00000915  oi_loadSong                   
0000096b  oi_play_song                  
0000097f  go_charge                     
0000098d  oi_uartInit                   
00000a15  oi_uartSendChar               
00000a31  oi_uartReceive                
00000a59  oi_uartSendStr                
00000a77  oi_uartSendBuff               
00000aa9  oi_checkFirmware              
00000b51  oi_shutoff_init               
00000bc3  GPIOF_Handler                 
00000db1  oi_setMotorCalibration        
00000ded  oi_getMotorCalibrationLeft    
00000e01  oi_getMotorCalibrationRight   
00000e8d  __TI_printfi                  
000018db  _nop                          
000018dd  Move_Forward                  
0000199b  turn_clockwise                
00001a03  turn_cclockwise               
00001a6b  move_back                     
00001b49  Move_Backward                 
00001c19  lcd_reverseNibble             
00001c55  lcd_init                      
00001d15  lcd_putc                      
00001d4d  lcd_puts                      
00001d6b  lcd_sendCommand               
00001da9  lcd_sendNibble                
00001ded  lcd_gotoLine                  
00001e15  lcd_setCursorPos              
00001e53  lcd_printf                    
000021b1  timer_init                    
00002229  timer_stop                    
00002253  timer_pause                   
00002265  timer_resume                  
00002277  timer_getMillis               
000022cf  timer_getMicros               
00002329  timer_waitMicros              
0000235b  timer_waitMillis              
000025c9  __aeabi_dsub                  
000025d3  __aeabi_dadd                  
0000277f  __aeabi_idiv0                 
0000277f  __aeabi_ldiv0                 
00002781  cyBot_sendByte                
0000278d  cyBot_uart_sendStr            
000027a7  cyBot_uart_sendBuffer         
000027bf  cyBot_uart_init               
00002851  cyBot_uart_flush              
0000286f  cyBot_getByte                 
00002889  cyBot_UART1_Handler           
00002a19  __aeabi_ddiv                  
00002c75  ldexp                         
00002c75  ldexpl                        
00002c75  scalbn                        
00002c75  scalbnl                       
00002d85  aligned_alloc                 
00002d85  memalign                      
00002e8d  __aeabi_dmul                  
00002f89  free                          
0000306d  main                          
000031e3  __aeabi_memcpy                
000031e3  __aeabi_memcpy4               
000031e3  __aeabi_memcpy8               
000031e3  memcpy                        
0000327f  __aeabi_uldivmod              
00003315  __aeabi_cdcmpeq               
00003315  __aeabi_cdcmple               
0000339b  __aeabi_cdrcmple              
00003421  __aeabi_memclr                
00003421  __aeabi_memclr4               
00003421  __aeabi_memclr8               
00003423  __aeabi_memset                
00003423  __aeabi_memset4               
00003423  __aeabi_memset8               
00003429  memset                        
0000357b  __aeabi_d2f                   
000035e9  __TI_decompress_lzss          
00003651  frexp                         
00003651  frexpl                        
0000370b  __TI_ltoa                     
000037b1  atoi                          
000037fd  __aeabi_d2iz                  
00003845  __TI_auto_init_nobinit_nopinit
00003889  vsnprintf                     
00003909  calloc                        
00003941  __aeabi_f2d                   
00003979  IntRegister                   
000039ad  _c_int00_noargs               
00003a11  __aeabi_i2d                   
00003a69  __TI_zero_init_nomemset       
00003aa1  memccpy                       
00003abd  copysign                      
00003abd  copysignl                     
00003aef  oi_parseInt                   
00003b07  strcmp                        
00003b1f  strchr                        
00003b35  strcpy                        
00003b49  strlen                        
00003b5d  wcslen                        
00003b6f  IntMasterEnable               
00003b7f  lcd_clear                     
00003b8f  __TI_decompress_none          
00003b9d  CPUcpsie                      
00003ba9  ResetISR                      
00003bb5  __aeabi_errno_addr            
00003bbd  malloc                        
00003bc5  _system_pre_init              
00003bc9  C$$EXIT                       
00003bc9  abort                         
00003bcc  _ctypes_                      
00003d00  __TI_Handler_Table_Base       
00003d0c  __TI_Handler_Table_Limit      
00003d20  __TI_CINIT_Base               
00003d38  __TI_CINIT_Limit              
20000000  __start___llvm_prf_cnts       
20000000  __stop___llvm_prf_cnts        
20000000  g_pfnRAMVectors               
20000270  __stack                       
20000470  __STACK_TOP                   
20000a70  __STACK_END                   
20000a70  _sys_memory                   
20000ec4  isr_char_buffer               
20000f10  _timeout_ticks                
20000f14  motor_cal_factor_L            
20000f18  motor_cal_factor_R            
20000f34  _lock                         
20000f38  _unlock                       
20000f44  isr_counter                   
20000f48  errno                         
20000f4c  _running                      
ffffffff  __TI_pprof_out_hndl           
ffffffff  __TI_prof_data_size           
ffffffff  __TI_prof_data_start          
ffffffff  __binit__                     
ffffffff  __c_args__                    
ffffffff  binit                         
UNDEFED   __mpu_init                    
UNDEFED   _system_post_cinit            

[150 symbols]
