******************************************************************************
                  TI ARM Linker PC v20.2.1                     
******************************************************************************
>> Linked Thu Oct  1 13:54:29 2020

OUTPUT FILE NAME:   <lab_6.out>
ENTRY POINT SYMBOL: "_c_int00_noargs"  address: 00004225


MEMORY CONFIGURATION

         name            origin    length      used     unused   attr    fill
----------------------  --------  ---------  --------  --------  ----  --------
  FLASH                 00000000   00040000  000045d0  0003ba30  R  X
  SRAM                  20000000   00008000  00000f5f  000070a1  RW X


SEGMENT ALLOCATION MAP

run origin  load origin   length   init length attrs members
----------  ----------- ---------- ----------- ----- -------
00000000    00000000    000045d0   000045d0    r-x
  00000000    00000000    0000026c   0000026c    r-- .intvecs
  0000026c    0000026c    000041fc   000041fc    r-x .text
  00004468    00004468    00000118   00000118    r-- .const
  00004580    00004580    00000050   00000050    r-- .cinit
20000000    20000000    00000f66   00000000    rw-
  20000000    20000000    0000026c   00000000    rw- .vtable
  20000270    20000270    00000800   00000000    rw- .stack
  20000a70    20000a70    00000400   00000000    rw- .sysmem
  20000e70    20000e70    000000b9   00000000    rw- .bss
  20000f2c    20000f2c    0000003a   00000000    rw- .data


SECTION ALLOCATION MAP

 output                                  attributes/
section   page    origin      length       input sections
--------  ----  ----------  ----------   ----------------
.intvecs   0    00000000    0000026c     
                  00000000    0000026c     tm4c123gh6pm_startup_ccs.obj (.intvecs)

.text      0    0000026c    000041fc     
                  0000026c    00000c20     open_interface.obj (.text)
                  00000e8c    00000a4e     rtsv7M4_T_le_v4SPD16_eabi.lib : _printfi.c.obj (.text:__TI_printfi)
                  000018da    00000002                                   : _lock.c.obj (.text:_nop)
                  000018dc    0000033c     movement.obj (.text)
                  00001c18    00000328     lcd.obj (.text)
                  00001f40    00000318     lab6main.obj (.text)
                  00002258    000002a8     libcybotUART.lib : uart.obj (.text)
                  00002500    00000270     rtsv7M4_T_le_v4SPD16_eabi.lib : _printfi.c.obj (.text:_pconv_a)
                  00002770    00000248     Timer.obj (.text)
                  000029b8    000001d0     rtsv7M4_T_le_v4SPD16_eabi.lib : _printfi.c.obj (.text:_pconv_g)
                  00002b88    000001bc     libcybotScan.lib : ping.obj (.text)
                  00002d44    000001b6     rtsv7M4_T_le_v4SPD16_eabi.lib : fd_add_t2.asm.obj (.text)
                  00002efa    00000002                                   : div0.asm.obj (.text)
                  00002efc    0000013c                                   : _printfi.c.obj (.text:_pconv_e)
                  00003038    00000136                                   : fd_div_t2.asm.obj (.text)
                  0000316e    00000002     --HOLE-- [fill = 0]
                  00003170    00000124                                   : _printfi.c.obj (.text:fcvt)
                  00003294    00000110                                   : s_scalbn.c.obj (.text:scalbn)
                  000033a4    00000108                                   : memory.c.obj (.text:aligned_alloc)
                  000034ac    000000fc                                   : fd_mul_t2.asm.obj (.text)
                  000035a8    000000f4     button.obj (.text)
                  0000369c    000000e4     rtsv7M4_T_le_v4SPD16_eabi.lib : memory.c.obj (.text:free)
                  00003780    000000dc     libcybotScan.lib : ir.obj (.text)
                  0000385c    000000c4                      : servo.obj (.text)
                  00003920    000000b1     rtsv7M4_T_le_v4SPD16_eabi.lib : _printfi.c.obj (.text:_ltostr)
                  000039d1    00000001     --HOLE-- [fill = 0]
                  000039d2    0000009c                                   : memcpy_t2.asm.obj (.text)
                  00003a6e    00000096                                   : ull_div_t2.asm.obj (.text)
                  00003b04    00000086                                   : fd_cmp_t2.asm.obj (.text:__aeabi_cdcmple)
                  00003b8a    00000086                                   : fd_cmp_t2.asm.obj (.text:__aeabi_cdrcmple)
                  00003c10    0000007a                                   : memset_t2.asm.obj (.text)
                  00003c8a    00000002     --HOLE-- [fill = 0]
                  00003c8c    00000070                                   : memory.c.obj (.text:split)
                  00003cfc    0000006e                                   : _printfi.c.obj (.text:_mcpy)
                  00003d6a    0000006e                                   : fd_tos_t2.asm.obj (.text)
                  00003dd8    00000068                                   : copy_decompress_lzss.c.obj (.text:decompress:lzss:__TI_decompress_lzss)
                  00003e40    00000064                                   : s_frexp.c.obj (.text:frexp)
                  00003ea4    00000056                                   : _printfi.c.obj (.text:_pconv_f)
                  00003efa    00000054                                   : _ltoa.c.obj (.text:__TI_ltoa)
                  00003f4e    00000052                                   : _printfi.c.obj (.text:_ecpy)
                  00003fa0    0000004c                                   : atoi.c.obj (.text:atoi)
                  00003fec    00000048     libcybotScan.lib : cyBot_Scan.obj (.text)
                  00004034    00000048     rtsv7M4_T_le_v4SPD16_eabi.lib : fd_toi_t2.asm.obj (.text)
                  0000407c    00000044                                   : autoinit.c.obj (.text:__TI_auto_init_nobinit_nopinit:__TI_auto_init_nobinit_nopinit)
                  000040c0    00000040                                   : sprintf.c.obj (.text:sprintf)
                  00004100    00000040                                   : vsnprintf.c.obj (.text:vsnprintf)
                  00004140    0000003e                                   : _printfi.c.obj (.text:_fcpy)
                  0000417e    00000002     --HOLE-- [fill = 0]
                  00004180    00000038                                   : memory.c.obj (.text:calloc)
                  000041b8    00000038                                   : fs_tod_t2.asm.obj (.text)
                  000041f0    00000034     driverlib.lib : interrupt.obj (.text:IntRegister)
                  00004224    00000034     rtsv7M4_T_le_v4SPD16_eabi.lib : boot_cortex_m.c.obj (.text:_c_int00_noargs:_c_int00_noargs)
                  00004258    00000030                                   : vsnprintf.c.obj (.text:_outs)
                  00004288    0000002e                                   : i_tofd_t2.asm.obj (.text)
                  000042b6    00000002     --HOLE-- [fill = 0]
                  000042b8    00000028                                   : memory.c.obj (.text:free_list_insert)
                  000042e0    0000001c                                   : copy_zero_init.c.obj (.text:decompress:ZI:__TI_zero_init_nomemset:__TI_zero_init_nomemset)
                  000042fc    0000001c                                   : memory.c.obj (.text:free_list_remove)
                  00004318    0000001c                                   : memccpy.c.obj (.text:memccpy)
                  00004334    0000001a                                   : s_copysign.c.obj (.text:copysign)
                  0000434e    00000018                                   : vsnprintf.c.obj (.text:_outc)
                  00004366    00000018                                   : sprintf.c.obj (.text:_outs)
                  0000437e    00000018     open_interface.obj (.text:oi_parseInt)
                  00004396    00000018     rtsv7M4_T_le_v4SPD16_eabi.lib : strcmp.c.obj (.text:strcmp)
                  000043ae    00000016                                   : strchr.c.obj (.text:strchr)
                  000043c4    00000014                                   : strcpy.c.obj (.text:strcpy)
                  000043d8    00000014                                   : strlen.c.obj (.text:strlen)
                  000043ec    00000012                                   : wcslen.c.obj (.text:wcslen)
                  000043fe    00000010     driverlib.lib : interrupt.obj (.text:IntMasterEnable)
                  0000440e    00000010     lcd.obj (.text:lcd_clear)
                  0000441e    0000000e     rtsv7M4_T_le_v4SPD16_eabi.lib : copy_decompress_none.c.obj (.text:decompress:none:__TI_decompress_none)
                  0000442c    0000000c     driverlib.lib : cpu.obj (.text:CPUcpsie)
                  00004438    0000000c     tm4c123gh6pm_startup_ccs.obj (.text)
                  00004444    0000000a     rtsv7M4_T_le_v4SPD16_eabi.lib : sprintf.c.obj (.text:_outc)
                  0000444e    00000002     --HOLE-- [fill = 0]
                  00004450    00000008                                   : errno.c.obj (.text:__aeabi_errno_addr)
                  00004458    00000008                                   : memory.c.obj (.text:malloc)
                  00004460    00000004                                   : pre_init.c.obj (.text:_system_pre_init)
                  00004464    00000004                                   : exit.c.obj (.text:abort:abort)

.const     0    00004468    00000118     
                  00004468    00000101     rtsv7M4_T_le_v4SPD16_eabi.lib : ctype.c.obj (.const:.string:_ctypes_)
                  00004569    0000000f     open_interface.obj (.const:.string:$P$T0$3)
                  00004578    00000004     lcd.obj (.const:.string:lineAddress$1)
                  0000457c    00000004     lcd.obj (.const:.string:lineAddresses$2)

.cinit     0    00004580    00000050     
                  00004580    00000019     (.cinit..data.load) [load image, compression = lzss]
                  00004599    00000003     --HOLE-- [fill = 0]
                  0000459c    0000000c     (__TI_handler_table)
                  000045a8    00000008     (.cinit..bss.load) [load image, compression = zero_init]
                  000045b0    00000008     (.cinit..vtable.load) [load image, compression = zero_init]
                  000045b8    00000018     (__TI_cinit_table)

.init_array 
*          0    00000000    00000000     UNINITIALIZED

.vtable    0    20000000    0000026c     UNINITIALIZED
                  20000000    0000026c     driverlib.lib : interrupt.obj (.vtable)

.stack     0    20000270    00000800     UNINITIALIZED
                  20000270    00000004     rtsv7M4_T_le_v4SPD16_eabi.lib : boot_cortex_m.c.obj (.stack)
                  20000274    000007fc     --HOLE--

.sysmem    0    20000a70    00000400     UNINITIALIZED
                  20000a70    00000010     rtsv7M4_T_le_v4SPD16_eabi.lib : memory.c.obj (.sysmem)
                  20000a80    000003f0     --HOLE--

.bss       0    20000e70    000000b9     UNINITIALIZED
                  20000e70    00000054     lcd.obj (.bss:lastbuffer$3)
                  20000ec4    00000034     (.common:isr_char_buffer)
                  20000ef8    00000018     open_interface.obj (.bss:firmware$2)
                  20000f10    00000004     (.common:_timeout_ticks)
                  20000f14    00000004     (.common:button_event)
                  20000f18    00000004     (.common:fallingEdge)
                  20000f1c    00000004     (.common:isr_int_value)
                  20000f20    00000004     (.common:pulseLength)
                  20000f24    00000004     (.common:risingEdge)
                  20000f28    00000001     (.common:isRisingEdge)

.data      0    20000f2c    0000003a     UNINITIALIZED
                  20000f2c    00000020     open_interface.obj (.data)
                  20000f4c    00000008     rtsv7M4_T_le_v4SPD16_eabi.lib : _lock.c.obj (.data:$O1$$)
                  20000f54    00000008                                   : memory.c.obj (.data:$O1$$)
                  20000f5c    00000004     libcybotUART.lib : uart.obj (.data)
                  20000f60    00000004     rtsv7M4_T_le_v4SPD16_eabi.lib : errno.c.obj (.data)
                  20000f64    00000001     Timer.obj (.data)
                  20000f65    00000001     button.obj (.data)

__llvm_prf_cnts 
*          0    20000000    00000000     UNINITIALIZED

MODULE SUMMARY

       Module                         code    ro data   rw data
       ------                         ----    -------   -------
    .\
       open_interface.obj             3128    15        56     
       lcd.obj                        824     8         84     
       movement.obj                   828     0         0      
       lab6main.obj                   792     0         0      
       tm4c123gh6pm_startup_ccs.obj   12      620       0      
       Timer.obj                      584     0         5      
       button.obj                     244     0         5      
    +--+------------------------------+-------+---------+---------+
       Total:                         6412    643       150    
                                                               
    ../libcybotScan.lib
       ping.obj                       444     0         13     
       ir.obj                         220     0         4      
       servo.obj                      196     0         0      
       cyBot_Scan.obj                 72      0         0      
    +--+------------------------------+-------+---------+---------+
       Total:                         932     0         17     
                                                               
    ../libcybotUART.lib
       uart.obj                       680     0         56     
    +--+------------------------------+-------+---------+---------+
       Total:                         680     0         56     
                                                               
    C:/ti/TivaWare_C_Series-2.1.4.178/driverlib/ccs/Debug/driverlib.lib
       interrupt.obj                  68      0         620    
       cpu.obj                        12      0         0      
    +--+------------------------------+-------+---------+---------+
       Total:                         80      0         620    
                                                               
    C:\ti\ccs1010\ccs\tools\compiler\ti-cgt-arm_20.2.1.LTS\lib\rtsv7M4_T_le_v4SPD16_eabi.lib
       _printfi.c.obj                 4851    0         0      
       memory.c.obj                   736     0         8      
       fd_add_t2.asm.obj              438     0         0      
       fd_div_t2.asm.obj              310     0         0      
       s_scalbn.c.obj                 272     0         0      
       fd_cmp_t2.asm.obj              268     0         0      
       ctype.c.obj                    0       257       0      
       fd_mul_t2.asm.obj              252     0         0      
       memcpy_t2.asm.obj              156     0         0      
       ull_div_t2.asm.obj             150     0         0      
       vsnprintf.c.obj                136     0         0      
       memset_t2.asm.obj              122     0         0      
       fd_tos_t2.asm.obj              110     0         0      
       copy_decompress_lzss.c.obj     104     0         0      
       s_frexp.c.obj                  100     0         0      
       sprintf.c.obj                  98      0         0      
       _ltoa.c.obj                    84      0         0      
       atoi.c.obj                     76      0         0      
       fd_toi_t2.asm.obj              72      0         0      
       autoinit.c.obj                 68      0         0      
       fs_tod_t2.asm.obj              56      0         0      
       boot_cortex_m.c.obj            52      0         0      
       i_tofd_t2.asm.obj              46      0         0      
       copy_zero_init.c.obj           28      0         0      
       memccpy.c.obj                  28      0         0      
       s_copysign.c.obj               26      0         0      
       strcmp.c.obj                   24      0         0      
       strchr.c.obj                   22      0         0      
       strcpy.c.obj                   20      0         0      
       strlen.c.obj                   20      0         0      
       wcslen.c.obj                   18      0         0      
       copy_decompress_none.c.obj     14      0         0      
       errno.c.obj                    8       0         4      
       _lock.c.obj                    2       0         8      
       exit.c.obj                     4       0         0      
       pre_init.c.obj                 4       0         0      
       div0.asm.obj                   2       0         0      
    +--+------------------------------+-------+---------+---------+
       Total:                         8777    257       20     
                                                               
       Heap:                          0       0         1024   
       Stack:                         0       0         2048   
       Linker Generated:              0       77        0      
    +--+------------------------------+-------+---------+---------+
       Grand Total:                   16881   977       3935   


LINKER GENERATED COPY TABLES

__TI_cinit_table @ 000045b8 records: 3, size/record: 8, table size: 24
	.data: load addr=00004580, load size=00000019 bytes, run addr=20000f2c, run size=0000003a bytes, compression=lzss
	.bss: load addr=000045a8, load size=00000008 bytes, run addr=20000e70, run size=000000b9 bytes, compression=zero_init
	.vtable: load addr=000045b0, load size=00000008 bytes, run addr=20000000, run size=0000026c bytes, compression=zero_init


LINKER GENERATED HANDLER TABLE

__TI_handler_table @ 0000459c records: 3, size/record: 4, table size: 12
	index: 0, handler: __TI_zero_init
	index: 1, handler: __TI_decompress_lzss
	index: 2, handler: __TI_decompress_none


GLOBAL SYMBOLS: SORTED ALPHABETICALLY BY Name 

address   name                          
-------   ----                          
0000382d  ADC0SS0_Handler               
00004465  C$$EXIT                       
0000442d  CPUcpsie                      
00000bc3  GPIOF_Handler                 
000043ff  IntMasterEnable               
000041f1  IntRegister                   
00001b49  Move_Backward                 
000018dd  Move_Forward                  
00004439  ResetISR                      
00002cc5  TIMER3B_Handler               
20000a70  __STACK_END                   
00000800  __STACK_SIZE                  
20000470  __STACK_TOP                   
00000400  __SYSMEM_SIZE                 
000045b8  __TI_CINIT_Base               
000045d0  __TI_CINIT_Limit              
0000459c  __TI_Handler_Table_Base       
000045a8  __TI_Handler_Table_Limit      
0000407d  __TI_auto_init_nobinit_nopinit
00003dd9  __TI_decompress_lzss          
0000441f  __TI_decompress_none          
00003efb  __TI_ltoa                     
ffffffff  __TI_pprof_out_hndl           
00000e8d  __TI_printfi                  
ffffffff  __TI_prof_data_size           
ffffffff  __TI_prof_data_start          
00000000  __TI_static_base__            
000042e1  __TI_zero_init_nomemset       
00003b05  __aeabi_cdcmpeq               
00003b05  __aeabi_cdcmple               
00003b8b  __aeabi_cdrcmple              
00003d6b  __aeabi_d2f                   
00004035  __aeabi_d2iz                  
00002d4f  __aeabi_dadd                  
00003039  __aeabi_ddiv                  
000034ad  __aeabi_dmul                  
00002d45  __aeabi_dsub                  
00004451  __aeabi_errno_addr            
000041b9  __aeabi_f2d                   
00004289  __aeabi_i2d                   
00002efb  __aeabi_idiv0                 
00002efb  __aeabi_ldiv0                 
00003c11  __aeabi_memclr                
00003c11  __aeabi_memclr4               
00003c11  __aeabi_memclr8               
000039d3  __aeabi_memcpy                
000039d3  __aeabi_memcpy4               
000039d3  __aeabi_memcpy8               
00003c13  __aeabi_memset                
00003c13  __aeabi_memset4               
00003c13  __aeabi_memset8               
00003a6f  __aeabi_uldivmod              
ffffffff  __binit__                     
ffffffff  __c_args__                    
UNDEFED   __mpu_init                    
20000270  __stack                       
20000000  __start___llvm_prf_cnts       
20000000  __stop___llvm_prf_cnts        
00004225  _c_int00_noargs               
00004468  _ctypes_                      
20000f4c  _lock                         
000018db  _nop                          
20000f64  _running                      
20000a70  _sys_memory                   
UNDEFED   _system_post_cinit            
00004461  _system_pre_init              
20000f10  _timeout_ticks                
20000f50  _unlock                       
00004465  abort                         
000033a5  aligned_alloc                 
00003fa1  atoi                          
ffffffff  binit                         
20000f14  button_event                  
00003635  button_getButton              
000035a9  button_init                   
00004181  calloc                        
00004335  copysign                      
00004335  copysignl                     
00003ffd  cyBOT_Scan                    
00003fed  cyBOT_init_Scan               
000024a5  cyBot_UART1_Handler           
00002497  cyBot_getByte_blocking        
00002477  cyBot_getByte_nonblocking     
00002259  cyBot_sendByte                
0000245d  cyBot_uart_flush              
000023c7  cyBot_uart_init               
00002367  cyBot_uart_init_PHJ_first_half
0000230f  cyBot_uart_init_clean         
00002297  cyBot_uart_init_last_half     
0000227f  cyBot_uart_sendBuffer         
00002265  cyBot_uart_sendStr            
20000f60  errno                         
20000f18  fallingEdge                   
0000369d  free                          
00003e41  frexp                         
00003e41  frexpl                        
20000000  g_pfnRAMVectors               
00000000  g_pfnVectors                  
0000097f  go_charge                     
00003617  gpioe_handler                 
000035d3  init_button_interrupts        
000037fd  ir_enableInterrupt            
000037f5  ir_getDistance                
000037e1  ir_getValue                   
00003781  ir_init                       
20000f28  isRisingEdge                  
20000ec4  isr_char_buffer               
20000f5c  isr_counter                   
20000f1c  isr_int_value                 
0000440f  lcd_clear                     
00001ded  lcd_gotoLine                  
00001c55  lcd_init                      
00001e53  lcd_printf                    
00001d15  lcd_putc                      
00001d4d  lcd_puts                      
00001c19  lcd_reverseNibble             
00001d6b  lcd_sendCommand               
00001da9  lcd_sendNibble                
00001e15  lcd_setCursorPos              
00003295  ldexp                         
00003295  ldexpl                        
00001f41  main                          
00004459  malloc                        
000033a5  memalign                      
00004319  memccpy                       
000039d3  memcpy                        
00003c19  memset                        
20000f2c  motor_cal_factor_L            
20000f30  motor_cal_factor_R            
00001a6b  move_back                     
0000026d  oi_alloc                      
00000aa9  oi_checkFirmware              
000002c7  oi_close                      
00000279  oi_free                       
00000ded  oi_getMotorCalibrationLeft    
00000e01  oi_getMotorCalibrationRight   
000002b1  oi_init                       
00000289  oi_init_noupdate              
00000915  oi_loadSong                   
0000437f  oi_parseInt                   
0000032b  oi_parsePacket                
0000096b  oi_play_song                  
0000084b  oi_setLeds                    
00000db1  oi_setMotorCalibration        
0000088f  oi_setWheels                  
00000b51  oi_shutoff_init               
0000098d  oi_uartInit                   
00000a31  oi_uartReceive                
00000a77  oi_uartSendBuff               
00000a15  oi_uartSendChar               
00000a59  oi_uartSendStr                
000002d9  oi_update                     
00002c8f  ping_getDistance              
00002bed  ping_init                     
00002b89  ping_trigger                  
20000f20  pulseLength                   
20000f24  risingEdge                    
00003295  scalbn                        
00003295  scalbnl                       
00002195  sendString                    
0000389b  servo_init                    
0000387b  servo_move                    
00003869  servo_setPWM                  
0000385d  servo_stop                    
000040c1  sprintf                       
000043af  strchr                        
00004397  strcmp                        
000043c5  strcpy                        
000043d9  strlen                        
0000288f  timer_getMicros               
00002837  timer_getMillis               
00002771  timer_init                    
00002813  timer_pause                   
00002825  timer_resume                  
000027e9  timer_stop                    
000028e9  timer_waitMicros              
0000291b  timer_waitMillis              
00001a03  turn_cclockwise               
0000199b  turn_clockwise                
00004101  vsnprintf                     
000043ed  wcslen                        


GLOBAL SYMBOLS: SORTED BY Symbol Address 

address   name                          
-------   ----                          
00000000  __TI_static_base__            
00000000  g_pfnVectors                  
0000026d  oi_alloc                      
00000279  oi_free                       
00000289  oi_init_noupdate              
000002b1  oi_init                       
000002c7  oi_close                      
000002d9  oi_update                     
0000032b  oi_parsePacket                
00000400  __SYSMEM_SIZE                 
00000800  __STACK_SIZE                  
0000084b  oi_setLeds                    
0000088f  oi_setWheels                  
00000915  oi_loadSong                   
0000096b  oi_play_song                  
0000097f  go_charge                     
0000098d  oi_uartInit                   
00000a15  oi_uartSendChar               
00000a31  oi_uartReceive                
00000a59  oi_uartSendStr                
00000a77  oi_uartSendBuff               
00000aa9  oi_checkFirmware              
00000b51  oi_shutoff_init               
00000bc3  GPIOF_Handler                 
00000db1  oi_setMotorCalibration        
00000ded  oi_getMotorCalibrationLeft    
00000e01  oi_getMotorCalibrationRight   
00000e8d  __TI_printfi                  
000018db  _nop                          
000018dd  Move_Forward                  
0000199b  turn_clockwise                
00001a03  turn_cclockwise               
00001a6b  move_back                     
00001b49  Move_Backward                 
00001c19  lcd_reverseNibble             
00001c55  lcd_init                      
00001d15  lcd_putc                      
00001d4d  lcd_puts                      
00001d6b  lcd_sendCommand               
00001da9  lcd_sendNibble                
00001ded  lcd_gotoLine                  
00001e15  lcd_setCursorPos              
00001e53  lcd_printf                    
00001f41  main                          
00002195  sendString                    
00002259  cyBot_sendByte                
00002265  cyBot_uart_sendStr            
0000227f  cyBot_uart_sendBuffer         
00002297  cyBot_uart_init_last_half     
0000230f  cyBot_uart_init_clean         
00002367  cyBot_uart_init_PHJ_first_half
000023c7  cyBot_uart_init               
0000245d  cyBot_uart_flush              
00002477  cyBot_getByte_nonblocking     
00002497  cyBot_getByte_blocking        
000024a5  cyBot_UART1_Handler           
00002771  timer_init                    
000027e9  timer_stop                    
00002813  timer_pause                   
00002825  timer_resume                  
00002837  timer_getMillis               
0000288f  timer_getMicros               
000028e9  timer_waitMicros              
0000291b  timer_waitMillis              
00002b89  ping_trigger                  
00002bed  ping_init                     
00002c8f  ping_getDistance              
00002cc5  TIMER3B_Handler               
00002d45  __aeabi_dsub                  
00002d4f  __aeabi_dadd                  
00002efb  __aeabi_idiv0                 
00002efb  __aeabi_ldiv0                 
00003039  __aeabi_ddiv                  
00003295  ldexp                         
00003295  ldexpl                        
00003295  scalbn                        
00003295  scalbnl                       
000033a5  aligned_alloc                 
000033a5  memalign                      
000034ad  __aeabi_dmul                  
000035a9  button_init                   
000035d3  init_button_interrupts        
00003617  gpioe_handler                 
00003635  button_getButton              
0000369d  free                          
00003781  ir_init                       
000037e1  ir_getValue                   
000037f5  ir_getDistance                
000037fd  ir_enableInterrupt            
0000382d  ADC0SS0_Handler               
0000385d  servo_stop                    
00003869  servo_setPWM                  
0000387b  servo_move                    
0000389b  servo_init                    
000039d3  __aeabi_memcpy                
000039d3  __aeabi_memcpy4               
000039d3  __aeabi_memcpy8               
000039d3  memcpy                        
00003a6f  __aeabi_uldivmod              
00003b05  __aeabi_cdcmpeq               
00003b05  __aeabi_cdcmple               
00003b8b  __aeabi_cdrcmple              
00003c11  __aeabi_memclr                
00003c11  __aeabi_memclr4               
00003c11  __aeabi_memclr8               
00003c13  __aeabi_memset                
00003c13  __aeabi_memset4               
00003c13  __aeabi_memset8               
00003c19  memset                        
00003d6b  __aeabi_d2f                   
00003dd9  __TI_decompress_lzss          
00003e41  frexp                         
00003e41  frexpl                        
00003efb  __TI_ltoa                     
00003fa1  atoi                          
00003fed  cyBOT_init_Scan               
00003ffd  cyBOT_Scan                    
00004035  __aeabi_d2iz                  
0000407d  __TI_auto_init_nobinit_nopinit
000040c1  sprintf                       
00004101  vsnprintf                     
00004181  calloc                        
000041b9  __aeabi_f2d                   
000041f1  IntRegister                   
00004225  _c_int00_noargs               
00004289  __aeabi_i2d                   
000042e1  __TI_zero_init_nomemset       
00004319  memccpy                       
00004335  copysign                      
00004335  copysignl                     
0000437f  oi_parseInt                   
00004397  strcmp                        
000043af  strchr                        
000043c5  strcpy                        
000043d9  strlen                        
000043ed  wcslen                        
000043ff  IntMasterEnable               
0000440f  lcd_clear                     
0000441f  __TI_decompress_none          
0000442d  CPUcpsie                      
00004439  ResetISR                      
00004451  __aeabi_errno_addr            
00004459  malloc                        
00004461  _system_pre_init              
00004465  C$$EXIT                       
00004465  abort                         
00004468  _ctypes_                      
0000459c  __TI_Handler_Table_Base       
000045a8  __TI_Handler_Table_Limit      
000045b8  __TI_CINIT_Base               
000045d0  __TI_CINIT_Limit              
20000000  __start___llvm_prf_cnts       
20000000  __stop___llvm_prf_cnts        
20000000  g_pfnRAMVectors               
20000270  __stack                       
20000470  __STACK_TOP                   
20000a70  __STACK_END                   
20000a70  _sys_memory                   
20000ec4  isr_char_buffer               
20000f10  _timeout_ticks                
20000f14  button_event                  
20000f18  fallingEdge                   
20000f1c  isr_int_value                 
20000f20  pulseLength                   
20000f24  risingEdge                    
20000f28  isRisingEdge                  
20000f2c  motor_cal_factor_L            
20000f30  motor_cal_factor_R            
20000f4c  _lock                         
20000f50  _unlock                       
20000f5c  isr_counter                   
20000f60  errno                         
20000f64  _running                      
ffffffff  __TI_pprof_out_hndl           
ffffffff  __TI_prof_data_size           
ffffffff  __TI_prof_data_start          
ffffffff  __binit__                     
ffffffff  __c_args__                    
ffffffff  binit                         
UNDEFED   __mpu_init                    
UNDEFED   _system_post_cinit            

[181 symbols]
